ubuntu@ip-10-1-11-97:~$ mysql -h udacity.c90yu2m3ur5m.us-east-1.rds.amazonaws.com -u admin -p
Enter password: 
Welcome to the MySQL monitor.  Commands end with ; or \g.
Your MySQL connection id is 43
Server version: 8.0.23 Source distribution

Copyright (c) 2000, 2021, Oracle and/or its affiliates.

Oracle is a registered trademark of Oracle Corporation and/or its
affiliates. Other names may be trademarks of their respective
owners.

Type 'help;' or '\h' for help. Type '\c' to clear the current input statement.

mysql> show databases
    -> ;
+--------------------+
| Database           |
+--------------------+
| information_schema |
| mysql              |
| performance_schema |
| sys                |
+--------------------+
4 rows in set (0.01 sec)

mysql> CREATE DATABASE todos;
Query OK, 1 row affected (0.02 sec)

mysql> CREATE DATABASE todos;
ERROR 1007 (HY000): Can't create database 'todos'; database exists
mysql> show databases
    -> ;
+--------------------+
| Database           |
+--------------------+
| information_schema |
| mysql              |
| performance_schema |
| sys                |
| todos              |
+--------------------+
5 rows in set (0.00 sec)

mysql> use todos;
Database changed
mysql> create table todos (ID int PRIMARY KEY, TaskName varchar(255), Complete TINYINT);
Query OK, 0 rows affected (0.06 sec)

mysql> insert into table todos VALUES(1, 'Project 1', 0);
ERROR 1064 (42000): You have an error in your SQL syntax; check the manual that corresponds to your MySQL server version for the right syntax to use near 'table todos VALUES(1, 'Project 1', 0)' at line 1
mysql> insert into todos VALUES(1, 'Project 1', 0);
Query OK, 1 row affected (0.01 sec)

mysql> select * from todos
    -> ;
+----+-----------+----------+
| ID | TaskName  | Complete |
+----+-----------+----------+
|  1 | Project 1 |        0 |
+----+-----------+----------+
1 row in set (0.00 sec)

mysql> 